// Jest Snapshot v1, https://goo.gl/fbAQLP

exports[`Airport Card should match the snapshot 1`] = `
<div
  class="v-card v-sheet theme--light elevation-5"
>
  <div
    class="v-list-item theme--light"
    tabindex="-1"
  >
    <div
      class="v-list-item__content"
    >
      <div
        class="v-list-item__title"
      >
        Mock Airport
      </div>
      <div
        class="v-list-item__subtitle"
      >
        Airport name
      </div>
    </div>
  </div>
   
  <div
    class="v-list-item theme--light"
    tabindex="-1"
  >
    <div
      class="v-list-item__content"
    >
      <div
        class="v-list-item__title"
      >
        Tadjikistan
      </div>
      <div
        class="v-list-item__subtitle"
      >
        Country
      </div>
    </div>
  </div>
</div>
`;
