// Jest Snapshot v1, https://goo.gl/fbAQLP

exports[`Search type selector should match the snapshot 1`] = `
"<div class=\\"v-input theme--light v-input--selection-controls v-input--radio-group v-input--radio-group--row\\">
  <div class=\\"v-input__control\\">
    <div class=\\"v-input__slot\\" style=\\"height: auto;\\">
      <div role=\\"radiogroup\\" aria-labelledby=\\"input-4\\" class=\\"v-input--radio-group__input\\">
        <div class=\\"spacer\\"></div>
        <div class=\\"v-radio theme--light\\">
          <div class=\\"v-input--selection-controls__input\\"><i aria-hidden=\\"true\\" class=\\"v-icon notranslate mdi mdi-radiobox-blank theme--light\\"></i><input aria-checked=\\"false\\" id=\\"input-5\\" role=\\"radio\\" type=\\"radio\\" name=\\"radio-4\\" value=\\"search_type_airport\\">
            <div class=\\"v-input--selection-controls__ripple\\"></div>
          </div><label for=\\"input-5\\" class=\\"v-label theme--light\\" style=\\"left: 0px; position: relative;\\">
            <div class=\\"orange--text\\">Airports</div>
          </label>
        </div>
        <div class=\\"spacer\\"></div>
        <div class=\\"v-radio theme--light\\">
          <div class=\\"v-input--selection-controls__input\\"><i aria-hidden=\\"true\\" class=\\"v-icon notranslate mdi mdi-radiobox-blank theme--light\\"></i><input aria-checked=\\"false\\" id=\\"input-7\\" role=\\"radio\\" type=\\"radio\\" name=\\"radio-4\\" value=\\"search_type_flight\\">
            <div class=\\"v-input--selection-controls__ripple\\"></div>
          </div><label for=\\"input-7\\" class=\\"v-label theme--light\\" style=\\"left: 0px; position: relative;\\">
            <div class=\\"blue--text\\">Flights</div>
          </label>
        </div>
        <div class=\\"spacer\\"></div>
      </div>
    </div>
    <div class=\\"v-messages theme--light\\">
      <transition-group-stub tag=\\"div\\" name=\\"message-transition\\" class=\\"v-messages__wrapper\\"></transition-group-stub>
    </div>
  </div>
</div>"
`;
